[    0.000000] Linux version 4.15.0-36-generic (buildd@lgw01-amd64-031) (gcc version 7.3.0 (Ubuntu 7.3.0-16ubuntu3)) #39-Ubuntu SMP Mon Sep 24 16:19:09 UTC 2018 (Ubuntu 4.15.0-36.39-generic 4.15.18)
[    0.000000] Command line: BOOT_IMAGE=/boot/vmlinuz-4.15.0-36-generic root=LABEL=cloudimg-rootfs ro console=tty1 console=ttyS0
[    0.000000] KERNEL supported cpus:
[    0.000000]   Intel GenuineIntel
[    0.000000]   AMD AuthenticAMD
[    0.000000]   Centaur CentaurHauls
[    0.000000] x86/fpu: Supporting XSAVE feature 0x001: 'x87 floating point registers'
[    0.000000] x86/fpu: Supporting XSAVE feature 0x002: 'SSE registers'
[    0.000000] x86/fpu: Supporting XSAVE feature 0x004: 'AVX registers'
[    0.000000] x86/fpu: xstate_offset[2]:  576, xstate_sizes[2]:  256
[    0.000000] x86/fpu: Enabled xstate features 0x7, context size is 832 bytes, using 'standard' format.
[    0.000000] e820: BIOS-provided physical RAM map:
[   0.000000] BIOS-e80: [mem 0x0000000000000000-0x000000000009fbff] usable
[    0.000000] BIOS-e820: [mem 0x000000000009fc00-0x000000000009ffff] reserved
[    0.000000] BIOS-e820: [mem 0x00000000000f0000-0x00000000000fffff] reserved
[    0.000000] BIOS-e820: mem 0x0000000000100000-0x000000003ffeffff] usable
[    0.000000] BIOS-e820: [mem 0x000000003fff0000-0x000000003fffffff] ACPI data
[    0.000000] BIOS-e820: [mem 0x00000000fec00000-0x00000000fec00fff] reserved
[   0.000000] BOS-e820: [mem 0x00000000fee00000-0x00000000fee00fff] reserved
[    0.000000] BIOS-e820: [mem 0x00000000fffc0000-0x00000000ffffffff] reserved
[    0.000000] NX (Execute Disable) protection: active
[    0000000] SMBIOS 2.5 present.
[    0.000000] DMI: innotek GmbH VirtualBox/VirtualBox, BIOS VirtualBox 12/01/2006
[    0.000000] Hypervisor deected: KVM
[    0.000000] e820: last_pfn = 0x3fff0 max_arch_pfn = 0x400000000
[    0.000000] MTRR: Disabled
[    0.000000] x86/PAT: MTRRs disabled, skipping PAT initialization too.
[    0.000000] CPU MTRRs all blank - virtualized system.
[    0.000000] x86/PAT: Configuration [0-7]: WB  WT  UC- UC  WB  WT  UC- UC  
[    0.000000] found SP MP-table at [mem 0x0009fff0-0x0009ffff] mapped at [       (ptrval)]
[    0.000000] Scanning 1 areas for low memory corruption
[    0.000000] RAMDISK: [mem 0x35ae3000-0x36d68fff]
[    0.000000] ACPI: Early table checksum verification disabled
[    0.000000] ACPI: RSDP 0x00000000000E0000 000024 (v02 VBOX  )
[    0.000000] ACPI: XSDT 0x000000003FFF0030 00003C (v01 VBOX   VBOXXSDT 00000001 ASL  00000061)
[    0.000000] ACPI: FACP 0x000000003FFF00F0 0000F4 (v04 VBOX   VBOXFACP 00000001 ASL  00000061)
[    0.000000] ACPI: DSDT 0x000000003FFF0470 0021FF (v02 VBOX   VBOXBIOS 00000002 INTL 20100528)
[    0.000000] ACPI: FACS 0x000000003FFF0200 000040
[    0.000000] ACPI: FACS 0x000000003FFF0200 000040
[    0.000000] ACPI: APIC 0x000000003FFF0240 00005C (v02 VBOX   VBOXAPIC 00000001 ASL  00000061)
[    0.000000] ACPI: SSDT 0x000000003FFF02A0 0001CC (v01 VBOX   VBOXCPUT 00000002 INTL 20100528)
[    0.000000] No NUMA confiuration found
[    0.000000] Faking a node at [mem 0x0000000000000000-0x000000003ffeffff]
[    0.000000] NODE_DATA(0) allocated [mem 0x3ffc5000-0x3ffeffff]
[    0.000000] kvm-clock: cpu 0, msr 0:3ff44001, primary cpu clock
[    0.000000] kvm-clock: Using msrs 4b564d01 and 4b564d00
[    0.000000] kvm-clock: using sched offset of 4183311482 cycles
[    0.000000] clocksource: kvm-clock: mask: 0xffffffffffffffff max_cycles: 0x1cd42e4dffb, max_idle_ns: 881590591483 ns
[    0.000000] Zone ranges:
[    0.000000]   DMA      [mem 0x0000000000001000-0x0000000000ffffff]
[    0.000000]   DMA32    [mem 0x0000000001000000-0x000000003ffeffff]
[    0.000000]   Normal   empty
[    0.000000]   Device   empty
[    0.000000] Movable zone start for each node
[    0.000000] Early memory node ranges
[    0.000000]   node   0: [mem 0x0000000000001000-0x000000000009efff]
[    0.000000]   nde   0: [mem 0x0000000000100000-0x000000003ffeffff]
[    0.000000] Initmem setup node 0 [mem 0x0000000000001000-0x000000003ffeffff]
[    0.000000] Reserved but unavailable: 98 pages
[    0.000000] ACPI: PM-Timer IO Port: 0x4008
[    0.000000] IOAPIC[0]: apic_id 2, version 32, address 0xfec00000, GSI 0-23
[    0.000000] ACPI: INT_SRC_OVR (bus 0 bus_irq 0 global_irq 2 dfl dfl)
[    0.000000] ACPI: INT_SRC_OVR (bus 0 bus_irq 9 global_irq 9 low level)
[    0.000000] Using ACPI (MADT) for SMP configuration information
[    0.000000] smpboot: Allowing 2 CPUs, 0 hotplug CPUs
[    0.000000] PM: Registered nosave memory: [mem 0x00000000-0x00000fff]
[    0.000000] PM: Registered nosave memory: [mem 0x0009f000-0x0009ffff]
[    0.000000] PM: Registered nosave memory: [mem 0x000a0000-0x000effff]
[    0.000000] PM: Registered nosave memory: [mem 0x000f0000-0x000fffff]
[   0.000000] e820: [mem 0x40000000-0xfebfffff] available for PCI devices
[   0.000000] Booting paravirtualized kernel on KVM
[    0.000000] clocksource: reffine-jiffies:ask: 0xfffffffff max_cycles: 0xffffffff, max_idle_ns: 7645519600211568 ns
[   0.000000] random: get_random_bytes called from start_kernel+0x99/0x4fd with crng_init=0
[    0.000000] setup_percpu: NR_CPUS:8192 nr_cpumask_bits:2 nr_cpu_ids:2 nr_node_ids:1
[    0.000000] percpu: Embedded 46 pages/cp @        (ptrval) s151552 r8192 d28672 u1048576
[    0.000000] PV qspinlock hash table entries: 256 (order: 0, 4096 bytes)
[    0.000000 Buil1 zonelists, mobility grouping on.  Tota pages: 257913
[  0.000000] Policy zone: DM32
[    0.000000] Kernel command line: BOOT_IMAGE=/boot/vmlinuz-4.15.0-36-generic root=LABEL=cloudimg-rootfs ro console=tty1 console=ttyS0
[    0.000000] Memory: 983616K/1048120K available (12300K kernel code, 2472K rwdata, 4248K rodata, 2408K init, 2416K bss, 64504K reserved, 0K cma-reserved)
[    0.000000] SLUB: HWalign=64, Order=0-3, MinObjects=0, CPUs=2, Nodes=1
[    0.000000] Kernel/User page tables isolation: enabled
[    0.000000] ftrace: allocating 39168 entries in 154 pages
[    0.004000] Hierarchical RCU implementation.
[    0.004000] 	RCU restricting CPUs from NR_CPUS8192 to nr_cpu_ids=2.
[   0.004000] 	Tasks RCU enabled.
[    0.004000] RCU: Adjusting geometry for rcu_fanout_leaf=16, nr_cpu_ids=2
[    0.004000] NR_IRQS: 524544, nr_irqs: 440, preallocated irqs: 16
[    0.004000] Console: colour VGA+ 80x25
[    0.004000] console [tty1] enabled
[    0.004000] console [tty0] enabled
[    0.004000] ACPI: Core revision 20170831
[   0.004000] ACPI: 2 ACPI AML tables successfully acquired and loaded
[   0.004000] APIC: Switch to symmetric I/O mode setup
[    0.004382] x2apic enabled
[    0.008008] Switched APIC routing to physical x2apic.
[    0.013534] ..TIMER: vector=0x30 apic1=0 pin1=2 apic2=-1 pin2=-1
[    0.016006] tsc: Detected 2711.996 MHz processor
[    0.020012] Calibrating delay loop (skipped) preset value.. 5423.99 BogoMIPS (lpj=10847984)
[    0.022208] pid_max: default: 32768 minimum: 301
[    0.024052] Security Framework initialized
[    0.028007] Yama: becoming mindful.
[    0.032036] AppArmor: AppArmor initialized
[    0.039018] Dentry cache hash table entries: 131072 (order: 8, 1048576 bytes)
[    0.040077] Inode-cache hash table entries: 65536 (order: 7, 524288 bytes)
[    0.041657] Mount-cache hash table entries: 2048 (order: 2, 16384 bytes)
[    0.043257] Mountpoint-cache hash table entries: 2048 (order: 2, 16384 bytes)
[    0.044255] mce: CPU supports 0 MCE banks
[    0.048024] Last level iTLB entries: 4KB 64, 2MB 8, 4MB 8
[    0.052007] Last level dTLB entries: 4KB 64, 2MB 0, 4MB 0, 1GB 4
[    0.056007] Spectre V2 : Mitigation: Full generic retpoline
[    0.060005] Spectre V2 : Spectre v2 / SpectreRSB mitigation: Filling RSB on context switch
[    0.064004] Speculative Store Bypass: Vulnerable
[    0.068150] Freeing SMP alternatives memory: 36K
[    0.080000] smpboot: CPU0: Intel(R) Core(TM) i5-7200U CPU @ 2.50GHz (family: 0x6, model: 0x8e, stepping: 0x9)
[    0.080081] Performance Events: unsupported p6 CPU model 142 no PMU driver, software events only.
[    0.084035] Hierarchical SRCU implementation.
[    0.085610] NMI watchdog: Perf event create on CPU 0 failed with -2
[    0.088002] NMI watchdog: Perf NMI watchdog permanently disabled
[    0.092060] smp: Bringing up secondary CPUs ...
[    0.093328] x86: Booting SMP configuration:
[    0.096006] .... node  #0, CPUs:      #1
[    0.004000] kvm-clock: cpu 1, msr 0:3ff44041, secondary cpu clock
[    0.004000] mce: CPU supports 0 MCE banks
[    0.122122] smp: Brought up 1 node, 2 CPUs
[    0.122122] smpboot: Max logical packages: 1
[    0.124006] smpboot: Total of 2 processors activated (10847.98 BogoMIPS)
[    0.125633] devtmpfs: initialized
[    0.125633] x86/mm: Memory block size: 128MB
[    0.128191] evm: security.selinux
[    0.132012] evm: security.SMACK64
[    0.133121] evm: security.SMACK64EXEC
[    0.136006] evm: security.SMACK64TRANSMUTE
[    0.136972] evm: security.SMACK64MMAP
[    0.137835] evm: security.apparmor
[    0.140006] evm: security.ima
[    0.140759] evm: security.capability
[    0.141705] clocksource: jiffies: mask: 0xffffffff max_cycles: 0xffffffff, max_idle_ns: 7645041785100000 ns
[    0.144019] futex hash table entries: 512 (order: 3, 32768 bytes)
[    0.145408] pinctrl core: initialized pinctrl subsystem
[    0.151102] RTC time: 17:31:13, date: 07/25/19
[    0.152184] NET: Registered protocol family 16
[    0.156135] audit: initializing netlink subsys (disabled)
[    0.157910] audit: type=2000 audit(1564075877.532:1): state=initialized audit_enabled=0 res=1
[    0.160025] cpuidle: using governor ladder
[    0.164016] cpuidle: using governor menu
[    0.164989] ACPI: bus type PCI registered
[    0.165931] acpiphp: ACPI Hot Plug PCI Controller Driver version: 0.5
[    0.167506] PCI: Using configuration type 1 for base access
[    0.172064] HugeTLB registered 2.00 MiB page size, pre-allocated 0 pages
[    0.172098] ACPI: Added _OSI(Module Device)
[    0.176003] ACPI: Added _OSI(Processor Device)
[    0.176003] ACPI: Added _OSI(3.0 _SCP Extensions)
[    0.176009] ACPI: Added _OSI(Processor Aggregator Device)
[    0.196007] ACPI: Added _OSI(Linux-Dell-Video)
[    0.200008] ACPI: Added _OSI(Linux-Lenovo-NV-HDMI-Audio)
[    0.252414] ACPI: Executed 1 blocks of module-level executable AML code
[    0.261606] ACPI: Interpreter enabled
[    0.268047] ACPI: (supports S0 S5)
[    0.312006] ACPI: Using IOAPIC for interrupt routing
[    0.320505] PCI: Using host bridge windows from ACPI; if necessary, use "pci=nocrs" and report a bug
[    0.320505] ACPI: Enabled 2 GPEs in block 00 to 07
[    0.380000] ACPI: PCI Root Bridge [PCI0] (domain 0000 [bus 00-ff])
[    0.392018] acpi PNP0A03:00: _OSC: OS supports [ASPM ClockPM Segments MSI]
[    0.416053] acpi PNP0A03:00: _OSC: not requesting OS control; OS requires [ExtendedConfig ASPM ClockPM MSI]
[    0.416053] acpi PNP0A03:00: fail to add MMCONFIG information, can't access extended PCI configuration space under this bridge.
[    0.456189] PCI host bridge to bus 0000:00
[    0.492009] pci_bus 0000:00: root bus resource [io  0x0000-0x0cf7 window]
[    0.528010] pci_bus 0000:00: root bus resource [io  0x0d00-0xffff window]
[    0.568009] pci_bus 0000:00: root bus resource [mem 0x000a0000-0x000bffff window]
[    0.628009] pci_bus 0000:00: root bus resource [mem 0x40000000-0xfdffffff window]
[    0.656017] pci_bus 0000:00: root bus resource [bus 00-ff]
[    0.679299] pci 0000:00:01.1: legacy IDE quirk: reg 0x10: [io  0x01f0-0x01f7]
[    0.720011] pci 0000:00:01.1: legacy IDE quirk: reg 0x14: [io  0x03f6]
[    0.756014] pci 0000:00:01.1: legacy IDE quirk: reg 0x18: [io  0x0170-0x0177]
[    0.768012] pci 0000:00:01.1: legacy IDE quirk: reg 0x1c: [io  0x0376]
[    0.801343] pci 0000:00:07.0: quirk: [io  0x4000-0x403f] claimed by PIIX4 ACPI
[    0.804011] pci 0000:00:07.0: quirk: [io  0x4100-0x410f] claimed by PIIX4 SMB
[    0.822816] ACPI: PCI Interrupt Link [LNKA] (IRQs 5 9 10 *11)
[    0.824571] ACPI: PCI Interrupt Link [LNKB] (IRQs 5 9 *10 11)
[    0.826677] ACPI: PCI Interrupt Link [LNKC] (IRQs 5 *9 10 11)
[    0.828267] ACPI: PCI Interrupt Link [LNKD] (IRQs 5 9 10 *11)
[    0.844672] SCSI subsystem initialized
[    0.848212] pci 0000:00:02.0: vgaarb: setting as boot VGA device
[    0.852000] pci 0000:00:02.0: vgaarb: VGA device added: decodes=io+mem,owns=io+mem,locks=none
[    0.868012] pci 0000:00:02.0: vgaarb: bridge control possible
[    0.872008] vgaarb: loaded
[    0.873060] ACPI: bus type USB registered
[    0.874307] usbcore: registered new interface driver usbfs
[    0.875901] usbcore: registered new interface driver hub
[    0.876052] usbcore: registered new device driver usb
[    0.880043] EDAC MC: Ver: 3.0.0
[    0.880225] PCI: Using ACPI for IRQ routing
[    0.884017] NetLabel: Initializing
[    0.884017] NetLabel:  domain hash size = 128
[    0.884017] NetLabel:  protocols = UNLABELED CIPSOv4 CALIPSO
[    0.885552] NetLabel:  unlabeled traffic allowed by default
[    0.888116] clocksource: Switched to clocksource kvm-clock
[    0.910885] VFS: Disk quotas dquot_6.6.0
[    0.912101] VFS: Dquot-cache hash table entries: 512 (order 0, 4096 bytes)
[    0.914038] AppArmor: AppArmor Filesystem Enabled
[    0.915157] pnp: PnP ACPI init
[    0.917449] pnp: PnP ACPI: found 3 devices
[    0.924162] clocksource: acpi_pm: mask: 0xffffff max_cycles: 0xffffff, max_idle_ns: 2085701024 ns
[    0.926819] NET: Registered protocol family 2
[    0.931374] TCP established hash table entries: 8192 (order: 4, 65536 bytes)
[    0.935440] TCP bind hash table entries: 8192 (order: 5, 131072 bytes)
[    0.937324] TCP: Hash tables configured (established 8192 bind 8192)
[    0.946777] UDP hash table entries: 512 (order: 2, 16384 bytes)
[    0.948513] UDP-Lite hash table entries: 512 (order: 2, 16384 bytes)
[    0.950099] NET: Registered protocol family 1
[    0.951116] pci 0000:00:00.0: Limiting direct PCI/PCI transfers
[    0.952423] pci 0000:00:01.0: Activating ISA DMA hang workarounds
[    0.953917] pci 0000:00:02.0: Video device with shadowed ROM at [mem 0x000c0000-0x000dffff]
[    0.956108] Unpacking initramfs...
[    1.316159] Freeing initrd memory: 18968K
[    1.317402] platform rtc_cmos: registered platform RTC device (no PNP device found)
[    1.326286] Scanning for low memory corruption every 60 seconds
[    1.335633] Initialise system trusted keyrings
[    1.338455] Key type blacklist registered
[    1.354706] workingset: timestamp_bits=36 max_order=18 bucket_order=0
[    1.375136] zbud: loaded
[    1.391826] squashfs: version 4.0 (2009/01/31) Phillip Lougher
[    1.400407] fuse init (API version 7.26)
[    1.405030] Key type asymmetric registered
[    1.406077] Asymmetric key parser 'x509' registered
[    1.407291] Block layer SCSI generic (bsg) driver version 0.4 loaded (major 246)
[    1.422032] io scheduler noop registered
[    1.422965] io scheduler deadline registered
[    1.424065] io scheduler cfq registered (default)
[    1.425731] ACPI: AC Adapter [AC] (on-line)
[    1.433887] input: Power Button as /devices/LNXSYSTM:00/LNXPWRBN:00/input/input0
[    1.442750] ACPI: Power Button [PWRF]
[    1.443755] input: Sleep Button as /devices/LNXSYSTM:00/LNXSLPBN:00/input/input1
[    1.445575] ACPI: Sleep Button [SLPF]
[    1.447042] Serial: 8250/16550 driver, 32 ports, IRQ sharing enabled
[    1.448375] ACPI: Battery Slot [BAT0] (battery present)
[    1.481248] 00:02: ttyS0 at I/O 0x3f8 (irq = 4, base_baud = 115200) is a 16550A
[    1.491940] Linux agpgart interface v0.103
[    1.500665] loop: module loaded
[    1.502113] scsi host0: ata_piix
[    1.503167] scsi host1: ata_piix
[    1.504117] ata1: PATA max UDMA/33 cmd 0x1f0 ctl 0x3f6 bmdma 0xd000 irq 14
[    1.505755] ata2: PATA max UDMA/33 cmd 0x170 ctl 0x376 bmdma 0xd008 irq 15
[    1.520564] libphy: Fixed MDIO Bus: probed
[    1.557229] tun: Universal TUN/TAP device driver, 1.6
[    1.573525] PPP generic driver version 2.4.2
[    1.597536] ehci_hcd: USB 2.0 'Enhanced' Host Controller (EHCI) Driver
[    1.636046] ehci-pci: EHCI PCI platform driver
[    1.637222] ehci-platform: EHCI generic platform driver
[    1.646212] ohci_hcd: USB 1.1 'Open' Host Controller (OHCI) Driver
[    1.673995] ohci-pci: OHCI PCI platform driver
[    1.682676] ohci-platform: OHCI generic platform driver
[    1.734000] uhci_hcd: USB Universal Host Controller Interface driver
[    1.742504] i8042: PNP: PS/2 Controller [PNP0303:PS2K,PNP0f03:PS2M] at 0x60,0x64 irq 1,12
[    1.781186] serio: i8042 KBD port at 0x60,0x64 irq 1
[    1.782870] serio: i8042 AUX port at 0x60,0x64 irq 12
[    1.784694] mousedev: PS/2 mouse device common for all mice
[    1.786814] input: AT Translated Set 2 keyboard as /devices/platform/i8042/serio0/input/input2
[    1.797013] rtc_cmos rtc_cmos: rtc core: registered rtc_cmos as rtc0
[    1.798828] rtc_cmos rtc_cmos: alarms up to one day, 114 bytes nvram
[    1.800988] i2c /dev entries driver
[    1.802231] pcie_mp2_amd: AMD(R) PCI-E MP2 Communication Driver Version: 1.0
[    1.804580] device-mapper: uevent: version 1.0.3
[    1.806825] device-mapper: ioctl: 4.37.0-ioctl (2017-09-20) initialised: dm-devel@redhat.com
[    1.809669] ledtrig-cpu: registered to indicate activity on CPUs
[    1.818456] NET: Registered protocol family 10
[    1.833120] Segment Routing with IPv6
[    1.834492] NET: Registered protocol family 17
[    1.836106] Key type dns_resolver registered
[    1.837745] RAS: Correctable Errors collector initialized.
[    1.839389] sched_clock: Marking stable (1837696656, 0)->(3693769643, -1856072987)
[    1.842350] registered taskstats version 1
[    1.843835] Loading compiled-in X.509 certificates
[    1.848238] Loaded X.509 cert 'Build time autogenerated kernel key: fcd93cd0852f7ae1da10896371e06e3c19479c00'
[    1.859524] zswap: loaded using pool lzo/zbud
[    1.866132] Key type big_key registered
[    1.873169] Key type trusted registered
[    1.876395] Key type encrypted registered
[    1.880425] AppArmor: AppArmor sha1 policy hashing enabled
[    1.881673] ima: No TPM chip found, activating TPM-bypass! (rc=-19)
[    1.883117] ima: Allocated hash algorithm: sha1
[    1.884128] evm: HMAC attrs: 0x1
[    1.885223]   Magic number: 11:167:543
[    1.886194] rtc_cmos rtc_cmos: setting system clock to 2019-07-25 17:31:14 UTC (1564075874)
[    1.888224] BIOS EDD facility v0.16 2004-Jun-25, 0 devices found
[    1.890365] EDD information not available.
[    1.895158] Freeing unused kernel memory: 2408K
[    1.920085] Write protecting the kernel read-only data: 20480k
[    1.922116] Freeing unused kernel memory: 2008K
[    1.927497] Freeing unused kernel memory: 1896K
[    1.937509] x86/mm: Checked W+X mappings: passed, no W+X pages found.
[    1.938908] x86/mm: Checking user space page tables
[    1.954843] x86/mm: Checked W+X mappings: passed, no W+X pages found.
Loading, please wait...
starting version 237
[    2.041057] Fusion MPT base driver 3.04.20
[    2.042415] Copyright (c) 1999-2008 LSI Corporation
[    2.048004] e1000: Intel(R) PRO/1000 Network Driver - version 7.3.21-k8-NAPI
[    2.050127] e1000: Copyright (c) 1999-2006 Intel Corporation.
[    2.097157] AVX2 version of gcm_enc/dec engaged.
[    2.098584] AES CTR mode by8 optimization enabled
[    2.102197] Fusion MPT SPI Host driver 3.04.20
[    2.281796] input: ImExPS/2 Generic Explorer Mouse as /devices/platform/i8042/serio1/input/input4
[    2.336254] tsc: Refined TSC clocksource calibration: 2711.833 MHz
[    2.360153] clocksource: tsc: mask: 0xffffffffffffffff max_cycles: 0x2716e8bff78, max_idle_ns: 440795303097 ns
[    2.979963] e1000 0000:00:03.0 eth0: (PCI:33MHz:32-bit) 02:7c:eb:a0:02:29
[    3.089602] e1000 0000:00:03.0 eth0: Intel(R) PRO/1000 Network Connection
[    3.106610] mptbase: ioc0: Initiating bringup
[    3.106797] e1000 0000:00:03.0 enp0s3: renamed from eth0
[    3.224602] ioc0: LSI53C1030 A0: Capabilities={Initiator}
[    3.481730] scsi host2: ioc0: LSI53C1030 A0, FwRev=00000000h, Ports=1, MaxQ=256, IRQ=20
[    3.677723] scsi 2:0:0:0: Direct-Access     VBOX     HARDDISK         1.0  PQ: 0 ANSI: 5
[    4.084669] scsi target2:0:0: Beginning Domain Validation
[    4.087460] scsi target2:0:0: Domain Validation skipping write tests
[    4.096160] scsi target2:0:0: Ending Domain Validation
[    4.112135] scsi target2:0:0: asynchronous
[    4.126968] scsi 2:0:1:0: Direct-Access     VBOX     HARDDISK         1.0  PQ: 0 ANSI: 5
[    4.393761] scsi target2:0:1: Beginning Domain Validation
[    4.982126] random: fast init done
[    5.093966] scsi target2:0:1: Domain Validation skipping write tests
[    5.125224] scsi target2:0:1: Ending Domain Validation
[    5.127010] scsi target2:0:1: asynchronous
[    5.134198] random: systemd-udevd: uninitialized urandom read (16 bytes read)
[    5.136796] sd 2:0:0:0: Attached scsi generic sg0 type 0
[    5.137091] random: systemd-udevd: uninitialized urandom read (16 bytes read)
[    5.137097] random: systemd-udevd: uninitialized urandom read (16 bytes read)
[    5.137476] sd 2:0:0:0: [sda] 20971520 512-byte logical blocks: (10.7 GB/10.0 GiB)
[    5.137554] sd 2:0:0:0: [sda] Write Protect is off
[    5.137677] sd 2:0:0:0: [sda] Incomplete mode parameter data
[    5.137679] sd 2:0:0:0: [sda] Assuming drive cache: write through
[    5.142083]  sda: sda1
[    5.142817] sd 2:0:0:0: [sda] Attached SCSI disk
[    5.215090] sd 2:0:1:0: Attached scsi generic sg1 type 0
[    5.231232] sd 2:0:1:0: [sdb] 20480 512-byte logical blocks: (10.5 MB/10.0 MiB)
[    5.256129] sd 2:0:1:0: [sdb] Write Protect is off
[    5.264247] sd 2:0:1:0: [sdb] Incomplete mode parameter data
[    5.272465] sd 2:0:1:0: [sdb] Assuming drive cache: write through
[    5.280733] sd 2:0:1:0: [sdb] Attached SCSI disk
Begin: Loading essential drivers ... [    6.932817] raid6: sse2x1   gen() 10462 MB/s
[    7.012811] raid6: sse2x1   xor()  6964 MB/s
[    7.076272] raid6: sse2x2   gen() 12291 MB/s
[    7.156316] raid6: sse2x2   xor()  8183 MB/s
[    7.204097] raid6: sse2x4   gen() 14143 MB/s
[    7.296851] raid6: sse2x4   xor()  8702 MB/s
[    7.368257] raid6: avx2x1   gen() 17678 MB/s
[    7.416024] raid6: avx2x1   xor() 10741 MB/s
[    7.468635] raid6: avx2x2   gen() 20954 MB/s
[    7.524277] raid6: avx2x2   xor() 14076 MB/s
[    7.572167] raid6: avx2x4   gen() 24634 MB/s
[    7.632605] raid6: avx2x4   xor() 17251 MB/s
[    7.640360] raid6: using algorithm avx2x4 gen() 24634 MB/s
[    7.641568] raid6: .... xor() 17251 MB/s, rmw enabled
[    7.642715] raid6: using avx2x2 recovery algorithm
[    7.651949] xor: automatically using best checksumming function   avx       
[    7.694767] async_tx: api initialized (async)
done.
Begin: Running /scripts/init-premount ... done.
Begin: Mounting root file system ... Begin: Running /scripts/local-top ... done.
Begin: Running /scripts/local-premount ... [    7.754366] Btrfs loaded, crc32c=crc32c-intel
Scanning for Btrfs filesystems
done.
Warning: fsck no[    7.810861] EXT4-fs (sda1): mounted filesystem with ordered data mode. Opts: (null)
t present, so skipping root file system
done.
Begin: Running /scripts/local-bottom ... done.
Begin: Running /scripts/init-bottom ... done.
[    8.022136] ip_tables: (C) 2000-2006 Netfilter Core Team
[    8.032064] systemd[1]: systemd 237 running in system mode. (+PAM +AUDIT +SELINUX +IMA +APPARMOR +SMACK +SYSVINIT +UTMP +LIBCRYPTSETUP +GCRYPT +GNUTLS +ACL +XZ +LZ4 +SECCOMP +BLKID +ELFUTILS +KMOD -IDN2 +IDN -PCRE2 default-hierarchy=hybrid)
[    8.609730] systemd[1]: Detected virtualization oracle.
[    8.610954] systemd[1]: Detected architecture x86-64.

Welcome to [1mUbuntu 18.04.1 LTS[0m!

[    8.619694] systemd[1]: Set hostname to <ubuntu>.
[    8.624029] systemd[1]: Initializing machine ID from random generator.
[    8.698956] systemd[1]: Installed transient /etc/machine-id file.
[    9.026599] systemd[1]: Reached target Swap.
[[0;32m  OK  [0m] Reached target Swap.
[    9.401381] systemd[1]: Set up automount Arbitrary Executable File Formats File System Automount Point.
[[0;32m  OK  [0m] Set up automount Arbitrary Executabâ€¦rmats File System Automount Point.
[    9.637231] systemd[1]: Created slice System Slice.
[[0;32m  OK  [0m] Created slice System Slice.
[    9.640254] systemd[1]: Listening on Journal Audit Socket.
[[0;32m  OK  [0m] Listening on Journal Audit Socket.
[[0;32m  OK  [0m] Listening on Device-mapper event daemon FIFOs.
[[0;32m  OK  [0m] Reached target System Time Synchronized.
[[0;32m  OK  [0m] Created slice User and Session Slice.
[[0;32m  OK  [0m] Listening on LVM2 poll daemon socket.
[[0;32m  OK  [0m] Listening on Network Service Netlink Socket.
[[0;32m  OK  [0m] Listening on udev Kernel Socket.
[[0;32m  OK  [0m] Listening on udev Control Socket.
[[0;32m  OK  [0m] Started Forward Password Requests to Wall Directory Watch.
[[0;32m  OK  [0m] Listening on /dev/initctl Compatibility Named Pipe.
[[0;32m  OK  [0m] Listening on Journal Socket (/dev/log).
[[0;32m  OK  [0m] Listening on Syslog Socket.
[[0;32m  OK  [0m] Reached target Slices.
[[0;32m  OK  [0m] Listening on Journal Socket.
         Starting Set the console keyboard layout...
         Starting udev Coldplug all Devices...
         Starting Journal Service...
         Starting Remount Root and Kernel File Systems...
         Starting Create list of required stâ€¦ce nodes for the current kernel...
         Starting Uncomplicated firewall...
         Mounting Kernel Debug File System...
         Mounting Huge Pages File System...
[[0;32m  OK  [0m] Reached target User and Group Name Lookups.
         Mounting POSIX Message Queue File Syste[    9.810204] EXT4-fs (sda1): re-mounted. Opts: (null)
m...
[[0;32m  OK  [0m] Listening on LVM2 metadata daemon socket.
         Starting Monitoring of LVM2 mirrorsâ€¦ng dmeventd or progress polling...
[[0;32m  OK  [0m] Created slice system-serial\x2dgetty.slice.
         Starting Load Kernel Modules...
[[0;32m  OK  [0m] Started Journal Service.
[[0;32m  OK  [0m] Started Remount Root and Ker[    9.893792] Loading iSCSI transport class v2.0-870.
nel File Systems.
[[0;32m  OK  [0m] Started Create list of required staâ€¦vice n[    9.936252] iscsi: registered transport (tcp)
odes for the current kernel.
[[0;32m  OK  [0m] Started Uncomplicated firewall.
[[0;32m  OK  [0m] Mounted Kernel Debug File System.
[[0;32m  OK  [0m] Mounted Huge Pages File Syst[    9.972955] iscsi: registered transport (iser)
em.
[[0;32m  OK  [0m] Mounted POSIX Message Queue File System.
[[0;32m  OK  [0m] Started Set the console keyboard layout.
[[0;32m  OK  [0m] Started Load Kernel Modules.
[[0;32m  OK  [0m] Started udev Coldplug all Devices.
[[0;32m  OK  [0m] Started LVM2 metadata daemon.
         Starting Apply Kernel Variables...
         Mounting FUSE Control File System...
         Mounting Kernel Configuration File System...
         Starting Create Static Device Nodes in /dev...
         Starting Initial cloud-init job (pre-networking)...
         Starting Load/Save Random Seed...
         Starting Flush Journal to Persistent Storage...
[[0;32m  OK  [0m] Started Monitoring of LVM2 mirrors,â€¦sing dmeventd or progress polling.
[[0;32m  OK  [0m] Mounted FUSE Control File System.
[[0;32m  OK  [0m] Mounted Kernel Configuration File System.
[[0;32m  OK  [0m] Started Load/Save Random Seed.
[[0;32m  OK  [0m] Started Apply Kernel Variables.
[[0;32m  OK  [0m] Started Create Static Device Nodes in /dev.
         Starting udev Kernel Device Manager...
[[0;32m  OK  [0m] Reached target Local File Systems (Pre).
[[0;32m  OK  [0m] Reached target Local File Systems.
         Starting Commit a transient machine-id on disk...
         Starting Set console font and keymap...
         Starting Tell Plymouth To Write Out Runtime Data...
         Starting ebtables ruleset management...
         Starting AppArmor initialization...
[[0;32m  OK  [0m] Started udev Kernel Device Manager.
[[0;32m  OK  [0m] Started Set console font and keymap.
[[0;32m  OK  [0m] Started Dispatch Password Requests to Console Directory Watch.
[[0;32m  OK  [0m] Reached target Local Encrypted Volumes.
[[0;32m  OK  [0m] Started Tell Plymouth To Write Out Runtime Data.
[[0;32m  OK  [0m] Started Flush Journal to Persistent Storage.
         Starting Create Volatile Files and Directories...
[[0;32m  OK  [0m] Started Commit a transient machine-id on disk.
[[0;32m  OK  [0m] Found device /dev/ttyS0.
[[0;32m  OK  [0m] Started Create Volatile Files and Directories.
         Starting Update UTMP about System Boot/Shutdown...
[[0;32m  OK  [0m] Started Update UTMP about System Boot/Shutdown.
[[0;32m  OK  [0m] Listening on Load/Save RF Kill Switch Status /dev/rfkill Watch.
[[0;32m  OK  [0m] Started ebtables ruleset management.
[   12.717379] cloud-init[411]: Cloud-init v. 18.3-9-g2e62cb8a-0ubuntu1~18.04.2 running 'init-local' at Thu, 25 Jul 2019 17:31:24 +0000. Up 11.96 seconds.
[[0;32m  OK  [0m] Started Initial cloud-init job (pre-networking).
[[0;32m  OK  [0m] Reached target Network (Pre).
         Starting Network Service...
[[0;32m  OK  [0m] Started Network Service.
         Starting Wait for Network to be Configured...
         Starting Network Name Resolution...
[[0;32m  OK  [0m] Started Network Name Resolution.
[[0;32m  OK  [0m] Reached target Host and Network Name Lookups.
[[0;32m  OK  [0m] Reached target Network.
[[0;32m  OK  [0m] Started AppArmor initialization.
[[0;32m  OK  [0m] Started Wait for Network to be Configured.
         Starting Initial cloud-init job (metadata service crawler)...
[   15.898165] cloud-init[627]: Cloud-init v. 18.3-9-g2e62cb8a-0ubuntu1~18.04.2 running 'init' at Thu, 25 Jul 2019 17:31:27 +0000. Up 14.73 seconds.
[   15.942067] cloud-init[627]: ci-info: +++++++++++++++++++++++++++++++++++++Net device info++++++++++++++++++++++++++++++++++++++
[   15.966395] cloud-init[627]: ci-info: +--------+------+---------------------------+---------------+--------+-------------------+
[[0;32m  OK  [0m] Started Initial cloud-init job (metadata service crawler).
[   15.998752] [cloud-init[0;32m  OK  [0m[627]: ] ci-info: | Device |  Up  |          Address          |      Mask     | Scope  |     Hw-Address    |Reached target Cloud-config availability.

[   16.075552] [[0;32m  OK  [0m] Reached target System Initialization.
[[0;32m  OK  [0m] Started Daily Cleanup of Temporary Directories.
[[0;32m  OK  [0m] Started Message of the Day.
cloud-init[627]: ci-info: +--------+------+---------------------------+---------------+--------+-------------------+
         Starting LXD - unix socket.
[[0;32m  OK  [0m] Listening on ACPID Listen Socket.
[   16.183678] cloud-init[627]: ci-info: | enp0s3 | True |         10.0.2.15         | 255.255.255.0 | global | 02:7c:eb:a0:02:29 |
[   16.216601] cloud-init[627]: ci-info: | enp0s3 | True | fe80::7c:ebff:fea0:229/64 |       .       |  link  | 02:7c:eb:a0:02:29 |
[[0;32m  OK  [0m] Started ACPI Events Check.
[[0;32m  OK  [0m] Reached target Paths.
[[0;32m  OK  [0m] Listening on UUID daemon activation socket.
[   16.248709] [[0;32m  OK  [0m] Listening on Open-iSCSI iscsid Socket.
[[0;32m  OK  [0m] Started Daily apt download activities.
cloud-init[627]: ci-info: |   lo   | True |         127.0.0.1         |   255.0.0.0   |  host  |         .         |
[[0;32m  OK  [0m] Started Daily apt upgrade and clean activities.
[   16.318993] [[0;32m  OK  [0m] Started Discard unused blocks once a week.
[[0;32m  OK  [0m] Reached target Timers.
[[0;32m  OK  [0m] Listening on D-Bus System Message Bus Socket.
         Starting Socket activation for snappy daemon.
[[0;32m  OK  [0m] Reached target Network is Online.
[[0;32m  OK  [0m] Reached target Remote File Systems (Pre).
[[0;32m  OK  [0m] Reached target Remote File Systems.
         Starting Availability of block devices...
[[0;32m  OK  [0m] Listening on LXD - unix socket.
[[0;32m  OK  [0m] Listening on Socket activation for snappy daemon.
[[0;32m  OK  [0m] Reached target Sockets.
[[0;32m  OK  [0m] Reached target Basic System.
cloud-init[627]: ci-info: |   lo   | True |          ::1/128          |       .       |  host  |         .         |
         Starting LSB: automatic crash report generation...
[   16.414202] cloud-init[627]: ci-info: +--------+------+---------------------------+---------------+--------+-------------------+         Starting LSB: Record successful boot for GRUB...

         Starting LXD - container startup/shutdown...
[[0;32m  OK  [0m] Started Unattended Upgrades Shutdown.
[[0;32m  OK  [0m] Started FUSE filesystem for LXC.
         Starting Virtualbox guest utils...
[   16.461788] cloud-init[627]: ci-info: ++++++++++++++++++++++++++++Route IPv4 info+++++++++++++++++++++++++++++
[   16.497100] cloud-init[627]: ci-info: +-------+-------------+----------+-----------------+-----------+-------+
[   16.518042] cloud-init[627]: ci-info: | Route | Destination | Gateway  |     Genmask     | Interface | Flags |
[   16.520688] cloud-init[627]: ci-info: +-------+-------------+----------+-----------------+-----------+-------+
[[0;32m  OK  [0m] Started irqbalance daemon.
[   16.545859] cloud-init[627]: ci-info: |   0   |   0.0.0.0   | 10.0.2.2 |     0.0.0.0     |   enp0s3  |   UG  |
[   16.548350] cloud-init[627]: ci-info: |   1   |   10.0.2.0  | 0.0.0.0  |  255.255.255.0  |   enp0s3  |   U   |
[   16.550719] cloud-init[627]: ci-info: |   2   |   10.0.2.2  | 0.0.0.0  | 255.255.255.255 |   enp0s3  |   UH  |
[   16.554384] cloud-init[627]: ci-info: +-------+-------------+----------+-----------------+-----------+-------+
[   16.556560] cloud-init[627]: ci-info: +++++++++++++++++++Route IPv6 info+++++++++++++++++++
         Starting Dispatcher daemon for systemd-networkd...
[   16.613658] cloud-init[627]: ci-info: +-------+-------------+---------+-----------+-------+[[0;32m  OK  [0m] Started Regular background program processing daemon.
         Starting Login Service...
         Starting Snappy daemon...

[   16.649199] cloud-init[627]: ci-info: | Route | Destination | Gateway | Interface | Flags |
         Starting Pollinate to seed the pseudo random number generator...
[[0;32m  OK  [0m] Started D-Bus System Message Bus.
[   16.661127] cloud-init[627]: ci-info: +-------+-------------+---------+-----------+-------+
[   16.681721] cloud-init[627]: ci-info: |   1   |  fe80::/64  |    ::   |   enp0s3  |   U   |
[   16.686020] cloud-init[627]: ci-info: |   3   |    local    |    ::   |   enp0s3  |   U   |
[   16.689826] cloud-init[627]: ci-info: |   4   |   ff00::/8  |    ::   |   enp0s3  |   U   |
[   16.712640] cloud-init[627]: ci-info: +-------+-------------+---------+-----------+-------+
[   16.715374] cloud-init[627]: Generating public/private rsa key pair.
[   16.717836] cloud-init[627]: Your identification has been saved in /etc/ssh/ssh_host_rsa_key.
[   16.738216] cloud-init[627]: Your public key has been saved in /etc/ssh/ssh_host_rsa_key.pub.
[   16.754638] cloud-init[627]: The key fingerprint is:
[   16.756919] cloud-init[627]: SHA256:8mR3/zpnAyNRRV8oesfyz9o3ZLaqQaSz4444C9CRNxg root@ubuntu-bionic
[   16.759298] cloud-init[627]: The key's randomart image is:
[   16.761041] cloud-init[627]: +---[RSA 2048]----+
[   16.762660] cloud-init[627]: |   E          o+.|
[   16.770196] cloud-init[627]: |    +       ... o|
[   16.771851] cloud-init[627]: |   + o     o.o  .|
[   16.775681] cloud-init[627]: |  . o .   +.o o  |
[   16.785399] cloud-init[627]: | . .  . So.oo+   |
[   16.788181] cloud-init[627]: |  .    = .+o +.+ |
[   16.790908] cloud-init[627]: |   .    .o .. Bo.|
[   16.808611] cloud-init[627]: |    ... o . . .**|
[   16.815414] cloud-init[627]: |     oo..o ...+**|
[   16.828602] cloud-init[627]: +----[SHA256]-----+
[   16.831435] cloud-init[627]: Generating public/private dsa key pair.
[   16.880609] cloud-init[627]: [[0;32m  OK  [0m] Started Deferred execution scheduler.
         Starting System Logging Service...
Your identification has been saved in /etc/ssh/ssh_host_dsa_key.         Starting Accounts Service...

         Starting Permit User Sessions...
[   16.896909] cloud-init[627]: Your public key has been saved in /etc/ssh/ssh_host_dsa_key.pub.
[[0;32m  OK  [0m] Started Availability of block devices.
[   16.986744] cloud-init[627]: The key fingerprint is:
[   17.022078] cloud-init[627]: SHA256:FC6EZkCVYxxnvbshH/4+PA8E4HYbTV9hTemc98sAM6U root@ubuntu-bionic
[   17.025426] cloud-init[627]: The key's randomart image is:
[   17.028025] cloud-init[627]: +---[DSA 1024]----+
[[0;32m  OK  [0m] Started Login Service.
[[0;32m  OK  [0m] Started Permit User Sessions.
[[0;32m  OK  [0m[   17.069275] cloud-init[627]: | .o+o+=.. .   ++o|
[   17.106567] cloud-init[627]: |    O= o.+ . + ..|
[   17.106792] cloud-init[627]: |   + .+ *.. + o .|
[   17.107412] cloud-init[627]: |     . +.+ E   +.|
[   17.107681] cloud-init[627]: |        S.. +   o|
[   17.108576] cloud-init[627]: |      . +.   .  .|
[   17.109028] cloud-init[627]: |       + =.   o .|
[   17.109659] cloud-init[627]: |        + +.   o |
[   17.109965] cloud-init[627]: |         oo+.    |
[   17.110373] cloud-init[627]: +----[SHA256]-----+
[   17.111122] cloud-init[627]: Generating public/private ecdsa key pair.
[   17.111376] cloud-init[627]: Your identification has been saved in /etc/ssh/ssh_host_ecdsa_key.
[   17.111458] cloud-init[627]: Your public key has been saved in /etc/ssh/ssh_host_ecdsa_key.pub.
[   17.111531] cloud-init[627]: The key fingerprint is:
] Started System Logging Service.
[   17.111759] cloud-init[627]: SHA256:clU/hJanIbERiBsjAvNH+xto8tbKdeDUKLqH5exRsMg root@ubuntu-bionic
[   17.189969] cloud-init[627]: The key's randomart image is:
[   17.191491] cloud-init[627]: +---[ECDSA 256]---+
[   17.192919] cloud-init[627]: |o.  .  . .+o.o.  |
[   17.194391] cloud-init[627]: | o....+ . .+=o.  |
[[0;32m  OK  [0m[   17.196822] cloud-init[627]: |  ..+. +  oo +o  |
[   17.197470] cloud-init[627]: | . o =.o .  .  . |
[   17.197758] cloud-init[627]: |  E = O S        |
[   17.198403] cloud-init[627]: |   =.* *         |
] Started LXD - container startup/shutdown.
[   17.198682] cloud-init[627]: |  .=+ = .        |
[   17.224868] cloud-init[627]: |  .+++ .         |
[   17.256998] cloud-init[627]: |  .o+            |
[   17.258396] cloud-init[627]: +----[SHA256]-----+
[   17.266515] cloud-init[627]: Generating public/private ed25519 key pair.
[   17.268520] cloud-init[627]: Your identification has been saved in /etc/ssh/ssh_host_ed25519_key.
[[   17.283014] cloud-init[627]: Your public key has been saved in /etc/ssh/ssh_host_ed25519_key.pub.
[   17.283244] cloud-init[627]: The key fingerprint is:
[   17.283904] cloud-init[627]: SHA256:n51VL4bseGyODZfIT/im0c2WLIN9wilY4I6Q8mp/dxo root@ubuntu-bionic
[   17.284526] cloud-init[627]: The key's randomart image is:
[0;32m  OK  [0m] Started LSB: Record successful boot for GRUB.
[   17.285497] cloud-init[627]: +--[ED25519 256]--+
         [   17.338662] Starting Authorization Manager...cloud-init
[627]: |                 |
         [   17.388447] Starting Hold until boot process finishes up...cloud-init
[627]: |                 |
         [   17.395096] cloud-init[627]: |        .       .|
[   17.395485] cloud-init[627]: |     . . . . . ..|
Starting Terminate Plymouth Boot Screen...
[   17.395727] cloud-init[627]: |  . o   S . o + .|
[[   17.409778] cloud-init[627]: |   o . o = & X o |
[   17.409992] cloud-init[627]: |    . . E % ^ B  |
[   17.410231] cloud-init[627]: |  ..  . ...#.*   |
[   17.410488] cloud-init[627]: | ..... ..ooo=    |
[   17.410698] cloud-init[627]: +----[SHA256]-----+
[0;32m  OK  [0m] Started LSB: automatic crash report generation.
[[0;32m  OK  [0m] Started Hold until boot process finishes up.
[[0;32m  OK  [0m] Started Terminate Plymouth Boot Screen.
         Starting Set console scheme...
[[0;32m  OK  [0m] Started Serial Getty on ttyS0.
[[0;32m  OK  [0m] Started Dispatcher daemon for systemd-networkd.
[[0;32m  OK  [0m] Started Virtualbox guest utils.
[[0;32m  OK  [0m] Started Set console scheme.
[[0;32m  OK  [0m] Started Authorization Manager.
[[0;32m  OK  [0m] Started Accounts Service.
[[0;32m  OK  [0m] Created slice system-getty.slice.
[[0;32m  OK  [0m] Started Getty on tty1.
[[0;32m  OK  [0m] Reached target Login Prompts.
[[0;32m  OK  [0m] Started Snappy daemon.
         Starting Wait until snapd is fully seeded...

Ubuntu 18.04.1 LTS ubuntu-bionic ttyS0

ubuntu-bionic login: [   26.749772] cloud-init[1226]: Cloud-init v. 18.3-9-g2e62cb8a-0ubuntu1~18.04.2 running 'modules:config' at Thu, 25 Jul 2019 17:31:38 +0000. Up 25.97 seconds.
ci-info: no authorized ssh keys fingerprints found for user ubuntu.
<14>Jul 25 17:31:40 ec2: 
<14>Jul 25 17:31:40 ec2: #############################################################
<14>Jul 25 17:31:40 ec2: -----BEGIN SSH HOST KEY FINGERPRINTS-----
<14>Jul 25 17:31:40 ec2: 1024 SHA256:FC6EZkCVYxxnvbshH/4+PA8E4HYbTV9hTemc98sAM6U root@ubuntu-bionic (DSA)
<14>Jul 25 17:31:40 ec2: 256 SHA256:clU/hJanIbERiBsjAvNH+xto8tbKdeDUKLqH5exRsMg root@ubuntu-bionic (ECDSA)
<14>Jul 25 17:31:40 ec2: 256 SHA256:n51VL4bseGyODZfIT/im0c2WLIN9wilY4I6Q8mp/dxo root@ubuntu-bionic (ED25519)
<14>Jul 25 17:31:40 ec2: 2048 SHA256:8mR3/zpnAyNRRV8oesfyz9o3ZLaqQaSz4444C9CRNxg root@ubuntu-bionic (RSA)
<14>Jul 25 17:31:40 ec2: -----END SSH HOST KEY FINGERPRINTS-----
<14>Jul 25 17:31:40 ec2: #############################################################
-----BEGIN SSH HOST KEY KEYS-----
ecdsa-sha2-nistp256 AAAAE2VjZHNhLXNoYTItbmlzdHAyNTYAAAAIbmlzdHAyNTYAAABBBEoyZhQ7B3fLzBVBx7wmWGFaRSPjw9j+ZB8ii48IPrX+T0qCQH5v08ItyMtImPD7fySjUN+qIvGdt/2DPulWeZs= root@ubuntu-bionic
ssh-ed25519 AAAAC3NzaC1lZDI1NTE5AAAAIFN+OlIQAIVzBOIpJPUtNIkFYiwtz54K2CuibpQJx85/ root@ubuntu-bionic
ssh-rsa AAAAB3NzaC1yc2EAAAADAQABAAABAQCwegLYKq1BUgwFyEDxJQrycdzg3EQPiCTe5iysAx0H+8mGdJFTb0ZxI9hTr5/VUvdR24XGP41aIMpAc+7h8T4wsDJ3dThJvlQGCwAIffxpYkGLhmHRdT2EK2dDfp+l6y7zCVlQe/uZL2YAj/GrmqvZaUTQNRTFyEdkrdO9NeTgccVzPQ7q9tP2qxOVRkzLoNaSFzYhByy0yGYAZExlv/8ixNHd8OgRLi9iwxZ5whTACXQNTHLjew4iCyNYU6ww3wWFlDQilZ1qGs8YG/Qc5ENgOcnFg0wNHt83HFA16fIlqZiMSJzYutCNuNQxZT7yUkt3djj5frREO6KO9+QMbRR7 root@ubuntu-bionic
-----END SSH HOST KEY KEYS-----
[   27.842926] cloud-init[1309]: Cloud-init v. 18.3-9-g2e62cb8a-0ubuntu1~18.04.2 running 'modules:final' at Thu, 25 Jul 2019 17:31:40 +0000. Up 27.51 seconds.
[   27.843006] cloud-init[1309]: ci-info: no authorized ssh keys fingerprints found for user ubuntu.
[   27.843067] cloud-init[1309]: Cloud-init v. 18.3-9-g2e62cb8a-0ubuntu1~18.04.2 finished at Thu, 25 Jul 2019 17:31:40 +0000. Datasource DataSourceNoCloud [seed=/dev/sdb][dsmode=net].  Up 27.82 seconds
